Archive member included to satisfy reference by file (symbol)

c:/program files (x86)/atollic/truestudio for arm 7.1.1/armtools/bin/../lib/gcc/arm-atollic-eabi/5.3.1/../../../../arm-atollic-eabi/lib/armv7-m\libc_nano.a(lib_a-init.o)
                              Application\TrueSTUDIO\startup_stm32f103xb.o (__libc_init_array)
c:/program files (x86)/atollic/truestudio for arm 7.1.1/armtools/bin/../lib/gcc/arm-atollic-eabi/5.3.1/../../../../arm-atollic-eabi/lib/armv7-m\libc_nano.a(lib_a-memset.o)
                              Drivers\STM32F1xx_HAL_Driver\stm32f1xx_hal_rcc.o (memset)
c:/program files (x86)/atollic/truestudio for arm 7.1.1/armtools/bin/../lib/gcc/arm-atollic-eabi/5.3.1/armv7-m\libgcc.a(_lshrdi3.o)
                              Drivers\STM32F1xx_HAL_Driver\stm32f1xx_hal_flash.o (__aeabi_llsr)

Allocating common symbols
Common symbol       size              file

hcan                0x40              Application\User\main.o
pFlash              0x20              Drivers\STM32F1xx_HAL_Driver\stm32f1xx_hal_flash.o
uartRxMsg           0xf               Application\User\main.o
uartTxMsg           0xf               Application\User\main.o
huart2              0x40              Application\User\main.o

Discarded input sections

 .text          0x00000000        0x0 c:/program files (x86)/atollic/truestudio for arm 7.1.1/armtools/bin/../lib/gcc/arm-atollic-eabi/5.3.1/armv7-m/crti.o
 .data          0x00000000        0x0 c:/program files (x86)/atollic/truestudio for arm 7.1.1/armtools/bin/../lib/gcc/arm-atollic-eabi/5.3.1/armv7-m/crti.o
 .bss           0x00000000        0x0 c:/program files (x86)/atollic/truestudio for arm 7.1.1/armtools/bin/../lib/gcc/arm-atollic-eabi/5.3.1/armv7-m/crti.o
 .data          0x00000000        0x4 c:/program files (x86)/atollic/truestudio for arm 7.1.1/armtools/bin/../lib/gcc/arm-atollic-eabi/5.3.1/armv7-m/crtbegin.o
 .text          0x00000000       0x14 Application\TrueSTUDIO\startup_stm32f103xb.o
 .data          0x00000000        0x0 Application\TrueSTUDIO\startup_stm32f103xb.o
 .bss           0x00000000        0x0 Application\TrueSTUDIO\startup_stm32f103xb.o
 .text          0x00000000        0x0 Application\User\main.o
 .data          0x00000000        0x0 Application\User\main.o
 .bss           0x00000000        0x0 Application\User\main.o
 .text.CAN_TO_UART_Transfer
                0x00000000       0x40 Application\User\main.o
 .text.HAL_CAN_RxCpltCallback
                0x00000000       0x3c Application\User\main.o
 .text          0x00000000        0x0 Application\User\stm32f1xx_hal_msp.o
 .data          0x00000000        0x0 Application\User\stm32f1xx_hal_msp.o
 .bss           0x00000000        0x0 Application\User\stm32f1xx_hal_msp.o
 .text.HAL_CAN_MspDeInit
                0x00000000       0x2c Application\User\stm32f1xx_hal_msp.o
 .text.HAL_UART_MspDeInit
                0x00000000       0x34 Application\User\stm32f1xx_hal_msp.o
 .text          0x00000000        0x0 Application\User\stm32f1xx_it.o
 .data          0x00000000        0x0 Application\User\stm32f1xx_it.o
 .bss           0x00000000        0x0 Application\User\stm32f1xx_it.o
 .text          0x00000000        0x0 Drivers\CMSIS\system_stm32f1xx.o
 .data          0x00000000        0x0 Drivers\CMSIS\system_stm32f1xx.o
 .bss           0x00000000        0x0 Drivers\CMSIS\system_stm32f1xx.o
 .text.SystemCoreClockUpdate
                0x00000000       0x5c Drivers\CMSIS\system_stm32f1xx.o
 .text          0x00000000        0x0 Drivers\STM32F1xx_HAL_Driver\stm32f1xx_hal.o
 .data          0x00000000        0x0 Drivers\STM32F1xx_HAL_Driver\stm32f1xx_hal.o
 .bss           0x00000000        0x0 Drivers\STM32F1xx_HAL_Driver\stm32f1xx_hal.o
 .text.HAL_MspInit
                0x00000000        0x2 Drivers\STM32F1xx_HAL_Driver\stm32f1xx_hal.o
 .text.HAL_MspDeInit
                0x00000000        0x2 Drivers\STM32F1xx_HAL_Driver\stm32f1xx_hal.o
 .text.HAL_DeInit
                0x00000000       0x20 Drivers\STM32F1xx_HAL_Driver\stm32f1xx_hal.o
 .text.HAL_SuspendTick
                0x00000000       0x10 Drivers\STM32F1xx_HAL_Driver\stm32f1xx_hal.o
 .text.HAL_ResumeTick
                0x00000000       0x10 Drivers\STM32F1xx_HAL_Driver\stm32f1xx_hal.o
 .text.HAL_GetHalVersion
                0x00000000        0x8 Drivers\STM32F1xx_HAL_Driver\stm32f1xx_hal.o
 .text.HAL_GetREVID
                0x00000000       0x1c Drivers\STM32F1xx_HAL_Driver\stm32f1xx_hal.o
 .text.HAL_GetDEVID
                0x00000000       0x10 Drivers\STM32F1xx_HAL_Driver\stm32f1xx_hal.o
 .text.HAL_DBGMCU_EnableDBGSleepMode
                0x00000000       0x10 Drivers\STM32F1xx_HAL_Driver\stm32f1xx_hal.o
 .text.HAL_DBGMCU_DisableDBGSleepMode
                0x00000000       0x10 Drivers\STM32F1xx_HAL_Driver\stm32f1xx_hal.o
 .text.HAL_DBGMCU_EnableDBGStopMode
                0x00000000       0x10 Drivers\STM32F1xx_HAL_Driver\stm32f1xx_hal.o
 .text.HAL_DBGMCU_DisableDBGStopMode
                0x00000000       0x10 Drivers\STM32F1xx_HAL_Driver\stm32f1xx_hal.o
 .text.HAL_DBGMCU_EnableDBGStandbyMode
                0x00000000       0x10 Drivers\STM32F1xx_HAL_Driver\stm32f1xx_hal.o
 .text.HAL_DBGMCU_DisableDBGStandbyMode
                0x00000000       0x10 Drivers\STM32F1xx_HAL_Driver\stm32f1xx_hal.o
 .text          0x00000000        0x0 Drivers\STM32F1xx_HAL_Driver\stm32f1xx_hal_can.o
 .data          0x00000000        0x0 Drivers\STM32F1xx_HAL_Driver\stm32f1xx_hal_can.o
 .bss           0x00000000        0x0 Drivers\STM32F1xx_HAL_Driver\stm32f1xx_hal_can.o
 .text.HAL_CAN_MspInit
                0x00000000        0x2 Drivers\STM32F1xx_HAL_Driver\stm32f1xx_hal_can.o
 .text.HAL_CAN_MspDeInit
                0x00000000        0x2 Drivers\STM32F1xx_HAL_Driver\stm32f1xx_hal_can.o
 .text.HAL_CAN_DeInit
                0x00000000       0x20 Drivers\STM32F1xx_HAL_Driver\stm32f1xx_hal_can.o
 .text.HAL_CAN_Transmit_IT
                0x00000000       0xdc Drivers\STM32F1xx_HAL_Driver\stm32f1xx_hal_can.o
 .text.HAL_CAN_Receive
                0x00000000      0x13c Drivers\STM32F1xx_HAL_Driver\stm32f1xx_hal_can.o
 .text.HAL_CAN_Sleep
                0x00000000       0x76 Drivers\STM32F1xx_HAL_Driver\stm32f1xx_hal_can.o
 .text.HAL_CAN_WakeUp
                0x00000000       0x6a Drivers\STM32F1xx_HAL_Driver\stm32f1xx_hal_can.o
 .text.HAL_CAN_TxCpltCallback
                0x00000000        0x2 Drivers\STM32F1xx_HAL_Driver\stm32f1xx_hal_can.o
 .text.HAL_CAN_RxCpltCallback
                0x00000000        0x2 Drivers\STM32F1xx_HAL_Driver\stm32f1xx_hal_can.o
 .text.CAN_Receive_IT
                0x00000000       0xfa Drivers\STM32F1xx_HAL_Driver\stm32f1xx_hal_can.o
 .text.HAL_CAN_ErrorCallback
                0x00000000        0x2 Drivers\STM32F1xx_HAL_Driver\stm32f1xx_hal_can.o
 .text.HAL_CAN_IRQHandler
                0x00000000      0x16c Drivers\STM32F1xx_HAL_Driver\stm32f1xx_hal_can.o
 .text.HAL_CAN_GetState
                0x00000000        0x6 Drivers\STM32F1xx_HAL_Driver\stm32f1xx_hal_can.o
 .text.HAL_CAN_GetError
                0x00000000        0x4 Drivers\STM32F1xx_HAL_Driver\stm32f1xx_hal_can.o
 .text          0x00000000        0x0 Drivers\STM32F1xx_HAL_Driver\stm32f1xx_hal_cortex.o
 .data          0x00000000        0x0 Drivers\STM32F1xx_HAL_Driver\stm32f1xx_hal_cortex.o
 .bss           0x00000000        0x0 Drivers\STM32F1xx_HAL_Driver\stm32f1xx_hal_cortex.o
 .text.HAL_NVIC_DisableIRQ
                0x00000000       0x1c Drivers\STM32F1xx_HAL_Driver\stm32f1xx_hal_cortex.o
 .text.HAL_NVIC_SystemReset
                0x00000000       0x24 Drivers\STM32F1xx_HAL_Driver\stm32f1xx_hal_cortex.o
 .text.HAL_NVIC_GetPriorityGrouping
                0x00000000       0x10 Drivers\STM32F1xx_HAL_Driver\stm32f1xx_hal_cortex.o
 .text.HAL_NVIC_GetPriority
                0x00000000       0x5c Drivers\STM32F1xx_HAL_Driver\stm32f1xx_hal_cortex.o
 .text.HAL_NVIC_SetPendingIRQ
                0x00000000       0x1c Drivers\STM32F1xx_HAL_Driver\stm32f1xx_hal_cortex.o
 .text.HAL_NVIC_GetPendingIRQ
                0x00000000       0x1c Drivers\STM32F1xx_HAL_Driver\stm32f1xx_hal_cortex.o
 .text.HAL_NVIC_ClearPendingIRQ
                0x00000000       0x1c Drivers\STM32F1xx_HAL_Driver\stm32f1xx_hal_cortex.o
 .text.HAL_NVIC_GetActive
                0x00000000       0x1c Drivers\STM32F1xx_HAL_Driver\stm32f1xx_hal_cortex.o
 .text          0x00000000        0x0 Drivers\STM32F1xx_HAL_Driver\stm32f1xx_hal_dma.o
 .data          0x00000000        0x0 Drivers\STM32F1xx_HAL_Driver\stm32f1xx_hal_dma.o
 .bss           0x00000000        0x0 Drivers\STM32F1xx_HAL_Driver\stm32f1xx_hal_dma.o
 .text.HAL_DMA_Init
                0x00000000       0x4a Drivers\STM32F1xx_HAL_Driver\stm32f1xx_hal_dma.o
 .text.HAL_DMA_DeInit
                0x00000000      0x120 Drivers\STM32F1xx_HAL_Driver\stm32f1xx_hal_dma.o
 .text.HAL_DMA_Start
                0x00000000       0x42 Drivers\STM32F1xx_HAL_Driver\stm32f1xx_hal_dma.o
 .text.HAL_DMA_Start_IT
                0x00000000       0x5a Drivers\STM32F1xx_HAL_Driver\stm32f1xx_hal_dma.o
 .text.HAL_DMA_Abort
                0x00000000       0x4c Drivers\STM32F1xx_HAL_Driver\stm32f1xx_hal_dma.o
 .text.HAL_DMA_PollForTransfer
                0x00000000      0x254 Drivers\STM32F1xx_HAL_Driver\stm32f1xx_hal_dma.o
 .text.HAL_DMA_IRQHandler
                0x00000000      0x254 Drivers\STM32F1xx_HAL_Driver\stm32f1xx_hal_dma.o
 .text.HAL_DMA_GetState
                0x00000000        0x6 Drivers\STM32F1xx_HAL_Driver\stm32f1xx_hal_dma.o
 .text.HAL_DMA_GetError
                0x00000000        0x4 Drivers\STM32F1xx_HAL_Driver\stm32f1xx_hal_dma.o
 .debug_info    0x00000000      0x647 Drivers\STM32F1xx_HAL_Driver\stm32f1xx_hal_dma.o
 .debug_abbrev  0x00000000      0x205 Drivers\STM32F1xx_HAL_Driver\stm32f1xx_hal_dma.o
 .debug_loc     0x00000000      0x438 Drivers\STM32F1xx_HAL_Driver\stm32f1xx_hal_dma.o
 .debug_aranges
                0x00000000       0x60 Drivers\STM32F1xx_HAL_Driver\stm32f1xx_hal_dma.o
 .debug_ranges  0x00000000       0x80 Drivers\STM32F1xx_HAL_Driver\stm32f1xx_hal_dma.o
 .debug_line    0x00000000      0x6a0 Drivers\STM32F1xx_HAL_Driver\stm32f1xx_hal_dma.o
 .debug_str     0x00000000      0x538 Drivers\STM32F1xx_HAL_Driver\stm32f1xx_hal_dma.o
 .comment       0x00000000       0x7f Drivers\STM32F1xx_HAL_Driver\stm32f1xx_hal_dma.o
 .debug_frame   0x00000000      0x104 Drivers\STM32F1xx_HAL_Driver\stm32f1xx_hal_dma.o
 .ARM.attributes
                0x00000000       0x33 Drivers\STM32F1xx_HAL_Driver\stm32f1xx_hal_dma.o
 .text          0x00000000        0x0 Drivers\STM32F1xx_HAL_Driver\stm32f1xx_hal_flash.o
 .data          0x00000000        0x0 Drivers\STM32F1xx_HAL_Driver\stm32f1xx_hal_flash.o
 .bss           0x00000000        0x0 Drivers\STM32F1xx_HAL_Driver\stm32f1xx_hal_flash.o
 .text.FLASH_SetErrorCode
                0x00000000       0x4c Drivers\STM32F1xx_HAL_Driver\stm32f1xx_hal_flash.o
 .text.HAL_FLASH_Program_IT
                0x00000000       0x60 Drivers\STM32F1xx_HAL_Driver\stm32f1xx_hal_flash.o
 .text.HAL_FLASH_EndOfOperationCallback
                0x00000000        0x2 Drivers\STM32F1xx_HAL_Driver\stm32f1xx_hal_flash.o
 .text.HAL_FLASH_OperationErrorCallback
                0x00000000        0x2 Drivers\STM32F1xx_HAL_Driver\stm32f1xx_hal_flash.o
 .text.HAL_FLASH_IRQHandler
                0x00000000      0x128 Drivers\STM32F1xx_HAL_Driver\stm32f1xx_hal_flash.o
 .text.HAL_FLASH_Unlock
                0x00000000       0x24 Drivers\STM32F1xx_HAL_Driver\stm32f1xx_hal_flash.o
 .text.HAL_FLASH_Lock
                0x00000000       0x14 Drivers\STM32F1xx_HAL_Driver\stm32f1xx_hal_flash.o
 .text.HAL_FLASH_OB_Unlock
                0x00000000       0x24 Drivers\STM32F1xx_HAL_Driver\stm32f1xx_hal_flash.o
 .text.HAL_FLASH_OB_Lock
                0x00000000       0x14 Drivers\STM32F1xx_HAL_Driver\stm32f1xx_hal_flash.o
 .text.HAL_FLASH_OB_Launch
                0x00000000        0xa Drivers\STM32F1xx_HAL_Driver\stm32f1xx_hal_flash.o
 .text.HAL_FLASH_GetError
                0x00000000        0xc Drivers\STM32F1xx_HAL_Driver\stm32f1xx_hal_flash.o
 .text.FLASH_WaitForLastOperation
                0x00000000       0x58 Drivers\STM32F1xx_HAL_Driver\stm32f1xx_hal_flash.o
 .text.HAL_FLASH_Program
                0x00000000       0x94 Drivers\STM32F1xx_HAL_Driver\stm32f1xx_hal_flash.o
 .debug_info    0x00000000      0x5fc Drivers\STM32F1xx_HAL_Driver\stm32f1xx_hal_flash.o
 .debug_abbrev  0x00000000      0x28b Drivers\STM32F1xx_HAL_Driver\stm32f1xx_hal_flash.o
 .debug_loc     0x00000000      0x2df Drivers\STM32F1xx_HAL_Driver\stm32f1xx_hal_flash.o
 .debug_aranges
                0x00000000       0x78 Drivers\STM32F1xx_HAL_Driver\stm32f1xx_hal_flash.o
 .debug_ranges  0x00000000       0xb8 Drivers\STM32F1xx_HAL_Driver\stm32f1xx_hal_flash.o
 .debug_line    0x00000000      0x470 Drivers\STM32F1xx_HAL_Driver\stm32f1xx_hal_flash.o
 .debug_str     0x00000000      0x54e Drivers\STM32F1xx_HAL_Driver\stm32f1xx_hal_flash.o
 .comment       0x00000000       0x7f Drivers\STM32F1xx_HAL_Driver\stm32f1xx_hal_flash.o
 .debug_frame   0x00000000      0x128 Drivers\STM32F1xx_HAL_Driver\stm32f1xx_hal_flash.o
 .ARM.attributes
                0x00000000       0x33 Drivers\STM32F1xx_HAL_Driver\stm32f1xx_hal_flash.o
 COMMON         0x00000000       0x20 Drivers\STM32F1xx_HAL_Driver\stm32f1xx_hal_flash.o
 .text          0x00000000        0x0 Drivers\STM32F1xx_HAL_Driver\stm32f1xx_hal_flash_ex.o
 .data          0x00000000        0x0 Drivers\STM32F1xx_HAL_Driver\stm32f1xx_hal_flash_ex.o
 .bss           0x00000000        0x0 Drivers\STM32F1xx_HAL_Driver\stm32f1xx_hal_flash_ex.o
 .text.FLASH_MassErase.isra.0
                0x00000000       0x24 Drivers\STM32F1xx_HAL_Driver\stm32f1xx_hal_flash_ex.o
 .text.FLASH_OB_RDP_LevelConfig
                0x00000000       0x64 Drivers\STM32F1xx_HAL_Driver\stm32f1xx_hal_flash_ex.o
 .text.HAL_FLASHEx_OBErase
                0x00000000       0x58 Drivers\STM32F1xx_HAL_Driver\stm32f1xx_hal_flash_ex.o
 .text.HAL_FLASHEx_OBProgram
                0x00000000      0x220 Drivers\STM32F1xx_HAL_Driver\stm32f1xx_hal_flash_ex.o
 .text.HAL_FLASHEx_OBGetConfig
                0x00000000       0x34 Drivers\STM32F1xx_HAL_Driver\stm32f1xx_hal_flash_ex.o
 .text.HAL_FLASHEx_OBGetUserData
                0x00000000       0x3c Drivers\STM32F1xx_HAL_Driver\stm32f1xx_hal_flash_ex.o
 .text.FLASH_PageErase
                0x00000000       0x24 Drivers\STM32F1xx_HAL_Driver\stm32f1xx_hal_flash_ex.o
 .text.HAL_FLASHEx_Erase
                0x00000000       0x9c Drivers\STM32F1xx_HAL_Driver\stm32f1xx_hal_flash_ex.o
 .text.HAL_FLASHEx_Erase_IT
                0x00000000       0x50 Drivers\STM32F1xx_HAL_Driver\stm32f1xx_hal_flash_ex.o
 .debug_info    0x00000000      0xbb6 Drivers\STM32F1xx_HAL_Driver\stm32f1xx_hal_flash_ex.o
 .debug_abbrev  0x00000000      0x2b9 Drivers\STM32F1xx_HAL_Driver\stm32f1xx_hal_flash_ex.o
 .debug_loc     0x00000000      0x6ad Drivers\STM32F1xx_HAL_Driver\stm32f1xx_hal_flash_ex.o
 .debug_aranges
                0x00000000       0x60 Drivers\STM32F1xx_HAL_Driver\stm32f1xx_hal_flash_ex.o
 .debug_ranges  0x00000000       0xb0 Drivers\STM32F1xx_HAL_Driver\stm32f1xx_hal_flash_ex.o
 .debug_line    0x00000000      0x4bc Drivers\STM32F1xx_HAL_Driver\stm32f1xx_hal_flash_ex.o
 .debug_str     0x00000000      0x699 Drivers\STM32F1xx_HAL_Driver\stm32f1xx_hal_flash_ex.o
 .comment       0x00000000       0x7f Drivers\STM32F1xx_HAL_Driver\stm32f1xx_hal_flash_ex.o
 .debug_frame   0x00000000       0xf4 Drivers\STM32F1xx_HAL_Driver\stm32f1xx_hal_flash_ex.o
 .ARM.attributes
                0x00000000       0x33 Drivers\STM32F1xx_HAL_Driver\stm32f1xx_hal_flash_ex.o
 .text          0x00000000        0x0 Drivers\STM32F1xx_HAL_Driver\stm32f1xx_hal_gpio.o
 .data          0x00000000        0x0 Drivers\STM32F1xx_HAL_Driver\stm32f1xx_hal_gpio.o
 .bss           0x00000000        0x0 Drivers\STM32F1xx_HAL_Driver\stm32f1xx_hal_gpio.o
 .text.HAL_GPIO_DeInit
                0x00000000       0xe0 Drivers\STM32F1xx_HAL_Driver\stm32f1xx_hal_gpio.o
 .text.HAL_GPIO_ReadPin
                0x00000000        0xc Drivers\STM32F1xx_HAL_Driver\stm32f1xx_hal_gpio.o
 .text.HAL_GPIO_TogglePin
                0x00000000        0x8 Drivers\STM32F1xx_HAL_Driver\stm32f1xx_hal_gpio.o
 .text.HAL_GPIO_LockPin
                0x00000000       0x2a Drivers\STM32F1xx_HAL_Driver\stm32f1xx_hal_gpio.o
 .text.HAL_GPIO_EXTI_Callback
                0x00000000        0x2 Drivers\STM32F1xx_HAL_Driver\stm32f1xx_hal_gpio.o
 .text.HAL_GPIO_EXTI_IRQHandler
                0x00000000       0x18 Drivers\STM32F1xx_HAL_Driver\stm32f1xx_hal_gpio.o
 .text          0x00000000        0x0 Drivers\STM32F1xx_HAL_Driver\stm32f1xx_hal_gpio_ex.o
 .data          0x00000000        0x0 Drivers\STM32F1xx_HAL_Driver\stm32f1xx_hal_gpio_ex.o
 .bss           0x00000000        0x0 Drivers\STM32F1xx_HAL_Driver\stm32f1xx_hal_gpio_ex.o
 .text.HAL_GPIOEx_ConfigEventout
                0x00000000       0x14 Drivers\STM32F1xx_HAL_Driver\stm32f1xx_hal_gpio_ex.o
 .text.HAL_GPIOEx_EnableEventout
                0x00000000       0x10 Drivers\STM32F1xx_HAL_Driver\stm32f1xx_hal_gpio_ex.o
 .text.HAL_GPIOEx_DisableEventout
                0x00000000       0x10 Drivers\STM32F1xx_HAL_Driver\stm32f1xx_hal_gpio_ex.o
 .debug_info    0x00000000      0x185 Drivers\STM32F1xx_HAL_Driver\stm32f1xx_hal_gpio_ex.o
 .debug_abbrev  0x00000000       0xcb Drivers\STM32F1xx_HAL_Driver\stm32f1xx_hal_gpio_ex.o
 .debug_loc     0x00000000       0x42 Drivers\STM32F1xx_HAL_Driver\stm32f1xx_hal_gpio_ex.o
 .debug_aranges
                0x00000000       0x30 Drivers\STM32F1xx_HAL_Driver\stm32f1xx_hal_gpio_ex.o
 .debug_ranges  0x00000000       0x20 Drivers\STM32F1xx_HAL_Driver\stm32f1xx_hal_gpio_ex.o
 .debug_line    0x00000000      0x1e7 Drivers\STM32F1xx_HAL_Driver\stm32f1xx_hal_gpio_ex.o
 .debug_str     0x00000000      0x29d Drivers\STM32F1xx_HAL_Driver\stm32f1xx_hal_gpio_ex.o
 .comment       0x00000000       0x7f Drivers\STM32F1xx_HAL_Driver\stm32f1xx_hal_gpio_ex.o
 .debug_frame   0x00000000       0x40 Drivers\STM32F1xx_HAL_Driver\stm32f1xx_hal_gpio_ex.o
 .ARM.attributes
                0x00000000       0x33 Drivers\STM32F1xx_HAL_Driver\stm32f1xx_hal_gpio_ex.o
 .text          0x00000000        0x0 Drivers\STM32F1xx_HAL_Driver\stm32f1xx_hal_pwr.o
 .data          0x00000000        0x0 Drivers\STM32F1xx_HAL_Driver\stm32f1xx_hal_pwr.o
 .bss           0x00000000        0x0 Drivers\STM32F1xx_HAL_Driver\stm32f1xx_hal_pwr.o
 .text.PWR_OverloadWfe
                0x00000000        0x6 Drivers\STM32F1xx_HAL_Driver\stm32f1xx_hal_pwr.o
 .text.HAL_PWR_DeInit
                0x00000000       0x18 Drivers\STM32F1xx_HAL_Driver\stm32f1xx_hal_pwr.o
 .text.HAL_PWR_EnableBkUpAccess
                0x00000000       0x1c Drivers\STM32F1xx_HAL_Driver\stm32f1xx_hal_pwr.o
 .text.HAL_PWR_DisableBkUpAccess
                0x00000000       0x1c Drivers\STM32F1xx_HAL_Driver\stm32f1xx_hal_pwr.o
 .text.HAL_PWR_ConfigPVD
                0x00000000       0x6c Drivers\STM32F1xx_HAL_Driver\stm32f1xx_hal_pwr.o
 .text.HAL_PWR_EnablePVD
                0x00000000       0x1a Drivers\STM32F1xx_HAL_Driver\stm32f1xx_hal_pwr.o
 .text.HAL_PWR_DisablePVD
                0x00000000       0x1a Drivers\STM32F1xx_HAL_Driver\stm32f1xx_hal_pwr.o
 .text.HAL_PWR_EnableWakeUpPin
                0x00000000       0x18 Drivers\STM32F1xx_HAL_Driver\stm32f1xx_hal_pwr.o
 .text.HAL_PWR_DisableWakeUpPin
                0x00000000       0x18 Drivers\STM32F1xx_HAL_Driver\stm32f1xx_hal_pwr.o
 .text.HAL_PWR_EnterSLEEPMode
                0x00000000       0x20 Drivers\STM32F1xx_HAL_Driver\stm32f1xx_hal_pwr.o
 .text.HAL_PWR_EnterSTOPMode
                0x00000000       0x48 Drivers\STM32F1xx_HAL_Driver\stm32f1xx_hal_pwr.o
 .text.HAL_PWR_EnterSTANDBYMode
                0x00000000       0x20 Drivers\STM32F1xx_HAL_Driver\stm32f1xx_hal_pwr.o
 .text.HAL_PWR_EnableSleepOnExit
                0x00000000       0x10 Drivers\STM32F1xx_HAL_Driver\stm32f1xx_hal_pwr.o
 .text.HAL_PWR_DisableSleepOnExit
                0x00000000       0x10 Drivers\STM32F1xx_HAL_Driver\stm32f1xx_hal_pwr.o
 .text.HAL_PWR_EnableSEVOnPend
                0x00000000       0x10 Drivers\STM32F1xx_HAL_Driver\stm32f1xx_hal_pwr.o
 .text.HAL_PWR_DisableSEVOnPend
                0x00000000       0x10 Drivers\STM32F1xx_HAL_Driver\stm32f1xx_hal_pwr.o
 .text.HAL_PWR_PVDCallback
                0x00000000        0x2 Drivers\STM32F1xx_HAL_Driver\stm32f1xx_hal_pwr.o
 .text.HAL_PWR_PVD_IRQHandler
                0x00000000       0x1c Drivers\STM32F1xx_HAL_Driver\stm32f1xx_hal_pwr.o
 .debug_info    0x00000000      0x7b1 Drivers\STM32F1xx_HAL_Driver\stm32f1xx_hal_pwr.o
 .debug_abbrev  0x00000000      0x20b Drivers\STM32F1xx_HAL_Driver\stm32f1xx_hal_pwr.o
 .debug_loc     0x00000000      0x11f Drivers\STM32F1xx_HAL_Driver\stm32f1xx_hal_pwr.o
 .debug_aranges
                0x00000000       0xa8 Drivers\STM32F1xx_HAL_Driver\stm32f1xx_hal_pwr.o
 .debug_ranges  0x00000000       0x98 Drivers\STM32F1xx_HAL_Driver\stm32f1xx_hal_pwr.o
 .debug_line    0x00000000      0x3c8 Drivers\STM32F1xx_HAL_Driver\stm32f1xx_hal_pwr.o
 .debug_str     0x00000000      0x4f3 Drivers\STM32F1xx_HAL_Driver\stm32f1xx_hal_pwr.o
 .comment       0x00000000       0x7f Drivers\STM32F1xx_HAL_Driver\stm32f1xx_hal_pwr.o
 .debug_frame   0x00000000      0x140 Drivers\STM32F1xx_HAL_Driver\stm32f1xx_hal_pwr.o
 .ARM.attributes
                0x00000000       0x33 Drivers\STM32F1xx_HAL_Driver\stm32f1xx_hal_pwr.o
 .text          0x00000000        0x0 Drivers\STM32F1xx_HAL_Driver\stm32f1xx_hal_rcc.o
 .data          0x00000000        0x0 Drivers\STM32F1xx_HAL_Driver\stm32f1xx_hal_rcc.o
 .bss           0x00000000        0x0 Drivers\STM32F1xx_HAL_Driver\stm32f1xx_hal_rcc.o
 .text.HAL_RCC_DeInit
                0x00000000       0x54 Drivers\STM32F1xx_HAL_Driver\stm32f1xx_hal_rcc.o
 .text.HAL_RCC_MCOConfig
                0x00000000       0x50 Drivers\STM32F1xx_HAL_Driver\stm32f1xx_hal_rcc.o
 .text.HAL_RCC_EnableCSS
                0x00000000       0x1c Drivers\STM32F1xx_HAL_Driver\stm32f1xx_hal_rcc.o
 .text.HAL_RCC_DisableCSS
                0x00000000       0x1c Drivers\STM32F1xx_HAL_Driver\stm32f1xx_hal_rcc.o
 .text.HAL_RCC_GetOscConfig
                0x00000000       0x90 Drivers\STM32F1xx_HAL_Driver\stm32f1xx_hal_rcc.o
 .text.HAL_RCC_GetClockConfig
                0x00000000       0x3c Drivers\STM32F1xx_HAL_Driver\stm32f1xx_hal_rcc.o
 .text.HAL_RCC_CSSCallback
                0x00000000        0x2 Drivers\STM32F1xx_HAL_Driver\stm32f1xx_hal_rcc.o
 .text.HAL_RCC_NMI_IRQHandler
                0x00000000       0x20 Drivers\STM32F1xx_HAL_Driver\stm32f1xx_hal_rcc.o
 .text          0x00000000        0x0 Drivers\STM32F1xx_HAL_Driver\stm32f1xx_hal_rcc_ex.o
 .data          0x00000000        0x0 Drivers\STM32F1xx_HAL_Driver\stm32f1xx_hal_rcc_ex.o
 .bss           0x00000000        0x0 Drivers\STM32F1xx_HAL_Driver\stm32f1xx_hal_rcc_ex.o
 .text.HAL_RCCEx_PeriphCLKConfig
                0x00000000      0x114 Drivers\STM32F1xx_HAL_Driver\stm32f1xx_hal_rcc_ex.o
 .text.HAL_RCCEx_GetPeriphCLKConfig
                0x00000000       0x24 Drivers\STM32F1xx_HAL_Driver\stm32f1xx_hal_rcc_ex.o
 .text.HAL_RCCEx_GetPeriphCLKFreq
                0x00000000      0x110 Drivers\STM32F1xx_HAL_Driver\stm32f1xx_hal_rcc_ex.o
 .rodata        0x00000000       0x12 Drivers\STM32F1xx_HAL_Driver\stm32f1xx_hal_rcc_ex.o
 .debug_info    0x00000000      0x577 Drivers\STM32F1xx_HAL_Driver\stm32f1xx_hal_rcc_ex.o
 .debug_abbrev  0x00000000      0x22a Drivers\STM32F1xx_HAL_Driver\stm32f1xx_hal_rcc_ex.o
 .debug_loc     0x00000000      0x378 Drivers\STM32F1xx_HAL_Driver\stm32f1xx_hal_rcc_ex.o
 .debug_aranges
                0x00000000       0x30 Drivers\STM32F1xx_HAL_Driver\stm32f1xx_hal_rcc_ex.o
 .debug_ranges  0x00000000       0x68 Drivers\STM32F1xx_HAL_Driver\stm32f1xx_hal_rcc_ex.o
 .debug_line    0x00000000      0x393 Drivers\STM32F1xx_HAL_Driver\stm32f1xx_hal_rcc_ex.o
 .debug_str     0x00000000      0x414 Drivers\STM32F1xx_HAL_Driver\stm32f1xx_hal_rcc_ex.o
 .comment       0x00000000       0x7f Drivers\STM32F1xx_HAL_Driver\stm32f1xx_hal_rcc_ex.o
 .debug_frame   0x00000000       0x6c Drivers\STM32F1xx_HAL_Driver\stm32f1xx_hal_rcc_ex.o
 .ARM.attributes
                0x00000000       0x33 Drivers\STM32F1xx_HAL_Driver\stm32f1xx_hal_rcc_ex.o
 .text          0x00000000        0x0 Drivers\STM32F1xx_HAL_Driver\stm32f1xx_hal_tim.o
 .data          0x00000000        0x0 Drivers\STM32F1xx_HAL_Driver\stm32f1xx_hal_tim.o
 .bss           0x00000000        0x0 Drivers\STM32F1xx_HAL_Driver\stm32f1xx_hal_tim.o
 .debug_info    0x00000000       0xa0 Drivers\STM32F1xx_HAL_Driver\stm32f1xx_hal_tim.o
 .debug_abbrev  0x00000000       0x4b Drivers\STM32F1xx_HAL_Driver\stm32f1xx_hal_tim.o
 .debug_aranges
                0x00000000       0x18 Drivers\STM32F1xx_HAL_Driver\stm32f1xx_hal_tim.o
 .debug_line    0x00000000      0x12b Drivers\STM32F1xx_HAL_Driver\stm32f1xx_hal_tim.o
 .debug_str     0x00000000      0x1e9 Drivers\STM32F1xx_HAL_Driver\stm32f1xx_hal_tim.o
 .comment       0x00000000       0x7f Drivers\STM32F1xx_HAL_Driver\stm32f1xx_hal_tim.o
 .ARM.attributes
                0x00000000       0x33 Drivers\STM32F1xx_HAL_Driver\stm32f1xx_hal_tim.o
 .text          0x00000000        0x0 Drivers\STM32F1xx_HAL_Driver\stm32f1xx_hal_tim_ex.o
 .data          0x00000000        0x0 Drivers\STM32F1xx_HAL_Driver\stm32f1xx_hal_tim_ex.o
 .bss           0x00000000        0x0 Drivers\STM32F1xx_HAL_Driver\stm32f1xx_hal_tim_ex.o
 .debug_info    0x00000000       0xa0 Drivers\STM32F1xx_HAL_Driver\stm32f1xx_hal_tim_ex.o
 .debug_abbrev  0x00000000       0x4b Drivers\STM32F1xx_HAL_Driver\stm32f1xx_hal_tim_ex.o
 .debug_aranges
                0x00000000       0x18 Drivers\STM32F1xx_HAL_Driver\stm32f1xx_hal_tim_ex.o
 .debug_line    0x00000000      0x12b Drivers\STM32F1xx_HAL_Driver\stm32f1xx_hal_tim_ex.o
 .debug_str     0x00000000      0x1ec Drivers\STM32F1xx_HAL_Driver\stm32f1xx_hal_tim_ex.o
 .comment       0x00000000       0x7f Drivers\STM32F1xx_HAL_Driver\stm32f1xx_hal_tim_ex.o
 .ARM.attributes
                0x00000000       0x33 Drivers\STM32F1xx_HAL_Driver\stm32f1xx_hal_tim_ex.o
 .text          0x00000000        0x0 Drivers\STM32F1xx_HAL_Driver\stm32f1xx_hal_uart.o
 .data          0x00000000        0x0 Drivers\STM32F1xx_HAL_Driver\stm32f1xx_hal_uart.o
 .bss           0x00000000        0x0 Drivers\STM32F1xx_HAL_Driver\stm32f1xx_hal_uart.o
 .text.HAL_UART_MspInit
                0x00000000        0x2 Drivers\STM32F1xx_HAL_Driver\stm32f1xx_hal_uart.o
 .text.HAL_HalfDuplex_Init
                0x00000000       0x60 Drivers\STM32F1xx_HAL_Driver\stm32f1xx_hal_uart.o
 .text.HAL_LIN_Init
                0x00000000       0x6c Drivers\STM32F1xx_HAL_Driver\stm32f1xx_hal_uart.o
 .text.HAL_MultiProcessor_Init
                0x00000000       0x72 Drivers\STM32F1xx_HAL_Driver\stm32f1xx_hal_uart.o
 .text.HAL_UART_MspDeInit
                0x00000000        0x2 Drivers\STM32F1xx_HAL_Driver\stm32f1xx_hal_uart.o
 .text.HAL_UART_DeInit
                0x00000000       0x34 Drivers\STM32F1xx_HAL_Driver\stm32f1xx_hal_uart.o
 .text.HAL_UART_Receive
                0x00000000       0xbc Drivers\STM32F1xx_HAL_Driver\stm32f1xx_hal_uart.o
 .text.HAL_UART_Transmit_IT
                0x00000000       0x54 Drivers\STM32F1xx_HAL_Driver\stm32f1xx_hal_uart.o
 .text.HAL_UART_Transmit_DMA
                0x00000000       0x84 Drivers\STM32F1xx_HAL_Driver\stm32f1xx_hal_uart.o
 .text.HAL_UART_Receive_DMA
                0x00000000       0x7c Drivers\STM32F1xx_HAL_Driver\stm32f1xx_hal_uart.o
 .text.HAL_UART_DMAPause
                0x00000000       0x5a Drivers\STM32F1xx_HAL_Driver\stm32f1xx_hal_uart.o
 .text.HAL_UART_DMAResume
                0x00000000       0x76 Drivers\STM32F1xx_HAL_Driver\stm32f1xx_hal_uart.o
 .text.HAL_UART_DMAStop
                0x00000000       0x28 Drivers\STM32F1xx_HAL_Driver\stm32f1xx_hal_uart.o
 .text.UART_DMATransmitCplt
                0x00000000       0x2c Drivers\STM32F1xx_HAL_Driver\stm32f1xx_hal_uart.o
 .text.HAL_UART_TxHalfCpltCallback
                0x00000000        0x2 Drivers\STM32F1xx_HAL_Driver\stm32f1xx_hal_uart.o
 .text.UART_DMATxHalfCplt
                0x00000000        0xa Drivers\STM32F1xx_HAL_Driver\stm32f1xx_hal_uart.o
 .text.HAL_UART_RxCpltCallback
                0x00000000        0x2 Drivers\STM32F1xx_HAL_Driver\stm32f1xx_hal_uart.o
 .text.UART_DMAReceiveCplt
                0x00000000       0x32 Drivers\STM32F1xx_HAL_Driver\stm32f1xx_hal_uart.o
 .text.HAL_UART_RxHalfCpltCallback
                0x00000000        0x2 Drivers\STM32F1xx_HAL_Driver\stm32f1xx_hal_uart.o
 .text.UART_DMARxHalfCplt
                0x00000000        0xa Drivers\STM32F1xx_HAL_Driver\stm32f1xx_hal_uart.o
 .text.UART_DMAError
                0x00000000       0x1e Drivers\STM32F1xx_HAL_Driver\stm32f1xx_hal_uart.o
 .text.HAL_LIN_SendBreak
                0x00000000       0x2a Drivers\STM32F1xx_HAL_Driver\stm32f1xx_hal_uart.o
 .text.HAL_MultiProcessor_EnterMuteMode
                0x00000000       0x2a Drivers\STM32F1xx_HAL_Driver\stm32f1xx_hal_uart.o
 .text.HAL_MultiProcessor_ExitMuteMode
                0x00000000       0x2a Drivers\STM32F1xx_HAL_Driver\stm32f1xx_hal_uart.o
 .text.HAL_HalfDuplex_EnableTransmitter
                0x00000000       0x2e Drivers\STM32F1xx_HAL_Driver\stm32f1xx_hal_uart.o
 .text.HAL_HalfDuplex_EnableReceiver
                0x00000000       0x2e Drivers\STM32F1xx_HAL_Driver\stm32f1xx_hal_uart.o
 .text.HAL_UART_GetState
                0x00000000        0x6 Drivers\STM32F1xx_HAL_Driver\stm32f1xx_hal_uart.o
 .text.HAL_UART_GetError
                0x00000000        0x4 Drivers\STM32F1xx_HAL_Driver\stm32f1xx_hal_uart.o
 .text          0x00000000        0x0 c:/program files (x86)/atollic/truestudio for arm 7.1.1/armtools/bin/../lib/gcc/arm-atollic-eabi/5.3.1/../../../../arm-atollic-eabi/lib/armv7-m\libc_nano.a(lib_a-init.o)
 .data          0x00000000        0x0 c:/program files (x86)/atollic/truestudio for arm 7.1.1/armtools/bin/../lib/gcc/arm-atollic-eabi/5.3.1/../../../../arm-atollic-eabi/lib/armv7-m\libc_nano.a(lib_a-init.o)
 .bss           0x00000000        0x0 c:/program files (x86)/atollic/truestudio for arm 7.1.1/armtools/bin/../lib/gcc/arm-atollic-eabi/5.3.1/../../../../arm-atollic-eabi/lib/armv7-m\libc_nano.a(lib_a-init.o)
 .text          0x00000000        0x0 c:/program files (x86)/atollic/truestudio for arm 7.1.1/armtools/bin/../lib/gcc/arm-atollic-eabi/5.3.1/../../../../arm-atollic-eabi/lib/armv7-m\libc_nano.a(lib_a-memset.o)
 .data          0x00000000        0x0 c:/program files (x86)/atollic/truestudio for arm 7.1.1/armtools/bin/../lib/gcc/arm-atollic-eabi/5.3.1/../../../../arm-atollic-eabi/lib/armv7-m\libc_nano.a(lib_a-memset.o)
 .bss           0x00000000        0x0 c:/program files (x86)/atollic/truestudio for arm 7.1.1/armtools/bin/../lib/gcc/arm-atollic-eabi/5.3.1/../../../../arm-atollic-eabi/lib/armv7-m\libc_nano.a(lib_a-memset.o)
 .text.memset   0x00000000       0x10 c:/program files (x86)/atollic/truestudio for arm 7.1.1/armtools/bin/../lib/gcc/arm-atollic-eabi/5.3.1/../../../../arm-atollic-eabi/lib/armv7-m\libc_nano.a(lib_a-memset.o)
 .debug_frame   0x00000000       0x20 c:/program files (x86)/atollic/truestudio for arm 7.1.1/armtools/bin/../lib/gcc/arm-atollic-eabi/5.3.1/../../../../arm-atollic-eabi/lib/armv7-m\libc_nano.a(lib_a-memset.o)
 .ARM.attributes
                0x00000000       0x2d c:/program files (x86)/atollic/truestudio for arm 7.1.1/armtools/bin/../lib/gcc/arm-atollic-eabi/5.3.1/../../../../arm-atollic-eabi/lib/armv7-m\libc_nano.a(lib_a-memset.o)
 .text          0x00000000       0x18 c:/program files (x86)/atollic/truestudio for arm 7.1.1/armtools/bin/../lib/gcc/arm-atollic-eabi/5.3.1/armv7-m\libgcc.a(_lshrdi3.o)
 .data          0x00000000        0x0 c:/program files (x86)/atollic/truestudio for arm 7.1.1/armtools/bin/../lib/gcc/arm-atollic-eabi/5.3.1/armv7-m\libgcc.a(_lshrdi3.o)
 .bss           0x00000000        0x0 c:/program files (x86)/atollic/truestudio for arm 7.1.1/armtools/bin/../lib/gcc/arm-atollic-eabi/5.3.1/armv7-m\libgcc.a(_lshrdi3.o)
 .ARM.attributes
                0x00000000       0x1d c:/program files (x86)/atollic/truestudio for arm 7.1.1/armtools/bin/../lib/gcc/arm-atollic-eabi/5.3.1/armv7-m\libgcc.a(_lshrdi3.o)
 .text          0x00000000        0x0 c:/program files (x86)/atollic/truestudio for arm 7.1.1/armtools/bin/../lib/gcc/arm-atollic-eabi/5.3.1/armv7-m/crtend.o
 .data          0x00000000        0x0 c:/program files (x86)/atollic/truestudio for arm 7.1.1/armtools/bin/../lib/gcc/arm-atollic-eabi/5.3.1/armv7-m/crtend.o
 .bss           0x00000000        0x0 c:/program files (x86)/atollic/truestudio for arm 7.1.1/armtools/bin/../lib/gcc/arm-atollic-eabi/5.3.1/armv7-m/crtend.o
 .eh_frame      0x00000000        0x4 c:/program files (x86)/atollic/truestudio for arm 7.1.1/armtools/bin/../lib/gcc/arm-atollic-eabi/5.3.1/armv7-m/crtend.o
 .ARM.attributes
                0x00000000       0x2d c:/program files (x86)/atollic/truestudio for arm 7.1.1/armtools/bin/../lib/gcc/arm-atollic-eabi/5.3.1/armv7-m/crtend.o
 .text          0x00000000        0x0 c:/program files (x86)/atollic/truestudio for arm 7.1.1/armtools/bin/../lib/gcc/arm-atollic-eabi/5.3.1/armv7-m/crtn.o
 .data          0x00000000        0x0 c:/program files (x86)/atollic/truestudio for arm 7.1.1/armtools/bin/../lib/gcc/arm-atollic-eabi/5.3.1/armv7-m/crtn.o
 .bss           0x00000000        0x0 c:/program files (x86)/atollic/truestudio for arm 7.1.1/armtools/bin/../lib/gcc/arm-atollic-eabi/5.3.1/armv7-m/crtn.o

Memory Configuration

Name             Origin             Length             Attributes
RAM              0x20000000         0x00005000         xrw
FLASH            0x08000000         0x00020000         xr
*default*        0x00000000         0xffffffff

Linker script and memory map

LOAD c:/program files (x86)/atollic/truestudio for arm 7.1.1/armtools/bin/../lib/gcc/arm-atollic-eabi/5.3.1/armv7-m/crti.o
LOAD c:/program files (x86)/atollic/truestudio for arm 7.1.1/armtools/bin/../lib/gcc/arm-atollic-eabi/5.3.1/armv7-m/crtbegin.o
LOAD Application\TrueSTUDIO\startup_stm32f103xb.o
LOAD Application\User\main.o
LOAD Application\User\stm32f1xx_hal_msp.o
LOAD Application\User\stm32f1xx_it.o
LOAD Drivers\CMSIS\system_stm32f1xx.o
LOAD Drivers\STM32F1xx_HAL_Driver\stm32f1xx_hal.o
LOAD Drivers\STM32F1xx_HAL_Driver\stm32f1xx_hal_can.o
LOAD Drivers\STM32F1xx_HAL_Driver\stm32f1xx_hal_cortex.o
LOAD Drivers\STM32F1xx_HAL_Driver\stm32f1xx_hal_dma.o
LOAD Drivers\STM32F1xx_HAL_Driver\stm32f1xx_hal_flash.o
LOAD Drivers\STM32F1xx_HAL_Driver\stm32f1xx_hal_flash_ex.o
LOAD Drivers\STM32F1xx_HAL_Driver\stm32f1xx_hal_gpio.o
LOAD Drivers\STM32F1xx_HAL_Driver\stm32f1xx_hal_gpio_ex.o
LOAD Drivers\STM32F1xx_HAL_Driver\stm32f1xx_hal_pwr.o
LOAD Drivers\STM32F1xx_HAL_Driver\stm32f1xx_hal_rcc.o
LOAD Drivers\STM32F1xx_HAL_Driver\stm32f1xx_hal_rcc_ex.o
LOAD Drivers\STM32F1xx_HAL_Driver\stm32f1xx_hal_tim.o
LOAD Drivers\STM32F1xx_HAL_Driver\stm32f1xx_hal_tim_ex.o
LOAD Drivers\STM32F1xx_HAL_Driver\stm32f1xx_hal_uart.o
START GROUP
LOAD c:/program files (x86)/atollic/truestudio for arm 7.1.1/armtools/bin/../lib/gcc/arm-atollic-eabi/5.3.1/../../../../arm-atollic-eabi/lib/armv7-m\libc_nano.a
LOAD c:/program files (x86)/atollic/truestudio for arm 7.1.1/armtools/bin/../lib/gcc/arm-atollic-eabi/5.3.1/../../../../arm-atollic-eabi/lib/armv7-m\libm.a
END GROUP
                0x00000080                malloc_getpagesize_P = 0x80
START GROUP
LOAD c:/program files (x86)/atollic/truestudio for arm 7.1.1/armtools/bin/../lib/gcc/arm-atollic-eabi/5.3.1/armv7-m\libgcc.a
LOAD c:/program files (x86)/atollic/truestudio for arm 7.1.1/armtools/bin/../lib/gcc/arm-atollic-eabi/5.3.1/../../../../arm-atollic-eabi/lib/armv7-m\libc_nano.a
END GROUP
START GROUP
LOAD c:/program files (x86)/atollic/truestudio for arm 7.1.1/armtools/bin/../lib/gcc/arm-atollic-eabi/5.3.1/armv7-m\libgcc.a
LOAD c:/program files (x86)/atollic/truestudio for arm 7.1.1/armtools/bin/../lib/gcc/arm-atollic-eabi/5.3.1/../../../../arm-atollic-eabi/lib/armv7-m\libc_nano.a
LOAD c:/program files (x86)/atollic/truestudio for arm 7.1.1/armtools/bin/../lib/gcc/arm-atollic-eabi/5.3.1/../../../../arm-atollic-eabi/lib/armv7-m\libnosys.a
END GROUP
START GROUP
LOAD c:/program files (x86)/atollic/truestudio for arm 7.1.1/armtools/bin/../lib/gcc/arm-atollic-eabi/5.3.1/armv7-m\libgcc.a
LOAD c:/program files (x86)/atollic/truestudio for arm 7.1.1/armtools/bin/../lib/gcc/arm-atollic-eabi/5.3.1/../../../../arm-atollic-eabi/lib/armv7-m\libc_nano.a
LOAD c:/program files (x86)/atollic/truestudio for arm 7.1.1/armtools/bin/../lib/gcc/arm-atollic-eabi/5.3.1/../../../../arm-atollic-eabi/lib/armv7-m\libnosys.a
END GROUP
LOAD c:/program files (x86)/atollic/truestudio for arm 7.1.1/armtools/bin/../lib/gcc/arm-atollic-eabi/5.3.1/armv7-m/crtend.o
LOAD c:/program files (x86)/atollic/truestudio for arm 7.1.1/armtools/bin/../lib/gcc/arm-atollic-eabi/5.3.1/armv7-m/crtn.o
                0x20005000                _estack = 0x20005000
                0x00000200                _Min_Heap_Size = 0x200
                0x00000400                _Min_Stack_Size = 0x400

.isr_vector     0x08000000      0x10c
                0x08000000                . = ALIGN (0x4)
 *(.isr_vector)
 .isr_vector    0x08000000      0x10c Application\TrueSTUDIO\startup_stm32f103xb.o
                0x08000000                g_pfnVectors
                0x0800010c                . = ALIGN (0x4)

.text           0x0800010c     0x177c
                0x0800010c                . = ALIGN (0x4)
 *(.text)
 .text          0x0800010c       0x40 c:/program files (x86)/atollic/truestudio for arm 7.1.1/armtools/bin/../lib/gcc/arm-atollic-eabi/5.3.1/armv7-m/crtbegin.o
 *(.text*)
 .text.Reset_Handler
                0x0800014c       0x48 Application\TrueSTUDIO\startup_stm32f103xb.o
                0x0800014c                Reset_Handler
 .text.Default_Handler
                0x08000194        0x2 Application\TrueSTUDIO\startup_stm32f103xb.o
                0x08000194                RTC_Alarm_IRQHandler
                0x08000194                EXTI2_IRQHandler
                0x08000194                TIM1_CC_IRQHandler
                0x08000194                PVD_IRQHandler
                0x08000194                EXTI3_IRQHandler
                0x08000194                EXTI0_IRQHandler
                0x08000194                I2C2_EV_IRQHandler
                0x08000194                ADC1_2_IRQHandler
                0x08000194                SPI1_IRQHandler
                0x08000194                TAMPER_IRQHandler
                0x08000194                DMA1_Channel4_IRQHandler
                0x08000194                USART3_IRQHandler
                0x08000194                RTC_IRQHandler
                0x08000194                DMA1_Channel7_IRQHandler
                0x08000194                CAN1_RX1_IRQHandler
                0x08000194                TIM4_IRQHandler
                0x08000194                I2C1_EV_IRQHandler
                0x08000194                DMA1_Channel6_IRQHandler
                0x08000194                TIM3_IRQHandler
                0x08000194                RCC_IRQHandler
                0x08000194                TIM1_TRG_COM_IRQHandler
                0x08000194                DMA1_Channel1_IRQHandler
                0x08000194                Default_Handler
                0x08000194                EXTI15_10_IRQHandler
                0x08000194                EXTI9_5_IRQHandler
                0x08000194                SPI2_IRQHandler
                0x08000194                DMA1_Channel5_IRQHandler
                0x08000194                EXTI4_IRQHandler
                0x08000194                USB_LP_CAN1_RX0_IRQHandler
                0x08000194                USB_HP_CAN1_TX_IRQHandler
                0x08000194                DMA1_Channel3_IRQHandler
                0x08000194                TIM1_UP_IRQHandler
                0x08000194                WWDG_IRQHandler
                0x08000194                TIM2_IRQHandler
                0x08000194                TIM1_BRK_IRQHandler
                0x08000194                EXTI1_IRQHandler
                0x08000194                I2C2_ER_IRQHandler
                0x08000194                DMA1_Channel2_IRQHandler
                0x08000194                CAN1_SCE_IRQHandler
                0x08000194                FLASH_IRQHandler
                0x08000194                USART1_IRQHandler
                0x08000194                I2C1_ER_IRQHandler
                0x08000194                USBWakeUp_IRQHandler
 *fill*         0x08000196        0x2 
 .text.UART_TO_CAN_Transfer
                0x08000198       0x4c Application\User\main.o
                0x08000198                UART_TO_CAN_Transfer
 .text.Error_Handler
                0x080001e4       0x14 Application\User\main.o
                0x080001e4                Error_Handler
 .text.HAL_UART_RxCpltCallback
                0x080001f8       0x64 Application\User\main.o
                0x080001f8                HAL_UART_RxCpltCallback
 .text.SystemClock_Config
                0x0800025c       0x6c Application\User\main.o
                0x0800025c                SystemClock_Config
 .text.startup.main
                0x080002c8      0x138 Application\User\main.o
                0x080002c8                main
 .text.HAL_MspInit
                0x08000400       0x8c Application\User\stm32f1xx_hal_msp.o
                0x08000400                HAL_MspInit
 .text.HAL_CAN_MspInit
                0x0800048c       0x58 Application\User\stm32f1xx_hal_msp.o
                0x0800048c                HAL_CAN_MspInit
 .text.HAL_UART_MspInit
                0x080004e4       0x68 Application\User\stm32f1xx_hal_msp.o
                0x080004e4                HAL_UART_MspInit
 .text.NMI_Handler
                0x0800054c        0x2 Application\User\stm32f1xx_it.o
                0x0800054c                NMI_Handler
 .text.HardFault_Handler
                0x0800054e        0x2 Application\User\stm32f1xx_it.o
                0x0800054e                HardFault_Handler
 .text.MemManage_Handler
                0x08000550        0x2 Application\User\stm32f1xx_it.o
                0x08000550                MemManage_Handler
 .text.BusFault_Handler
                0x08000552        0x2 Application\User\stm32f1xx_it.o
                0x08000552                BusFault_Handler
 .text.UsageFault_Handler
                0x08000554        0x2 Application\User\stm32f1xx_it.o
                0x08000554                UsageFault_Handler
 .text.SVC_Handler
                0x08000556        0x2 Application\User\stm32f1xx_it.o
                0x08000556                SVC_Handler
 .text.DebugMon_Handler
                0x08000558        0x2 Application\User\stm32f1xx_it.o
                0x08000558                DebugMon_Handler
 .text.PendSV_Handler
                0x0800055a        0x2 Application\User\stm32f1xx_it.o
                0x0800055a                PendSV_Handler
 .text.SysTick_Handler
                0x0800055c        0xe Application\User\stm32f1xx_it.o
                0x0800055c                SysTick_Handler
 *fill*         0x0800056a        0x2 
 .text.USART2_IRQHandler
                0x0800056c        0xc Application\User\stm32f1xx_it.o
                0x0800056c                USART2_IRQHandler
 .text.SystemInit
                0x08000578       0x4c Drivers\CMSIS\system_stm32f1xx.o
                0x08000578                SystemInit
 .text.HAL_InitTick
                0x080005c4       0x24 Drivers\STM32F1xx_HAL_Driver\stm32f1xx_hal.o
                0x080005c4                HAL_InitTick
 .text.HAL_Init
                0x080005e8       0x24 Drivers\STM32F1xx_HAL_Driver\stm32f1xx_hal.o
                0x080005e8                HAL_Init
 .text.HAL_IncTick
                0x0800060c       0x10 Drivers\STM32F1xx_HAL_Driver\stm32f1xx_hal.o
                0x0800060c                HAL_IncTick
 .text.HAL_GetTick
                0x0800061c        0xc Drivers\STM32F1xx_HAL_Driver\stm32f1xx_hal.o
                0x0800061c                HAL_GetTick
 .text.HAL_Delay
                0x08000628       0x1a Drivers\STM32F1xx_HAL_Driver\stm32f1xx_hal.o
                0x08000628                HAL_Delay
 .text.HAL_CAN_ConfigFilter
                0x08000642       0xca Drivers\STM32F1xx_HAL_Driver\stm32f1xx_hal_can.o
                0x08000642                HAL_CAN_ConfigFilter
 .text.HAL_CAN_Init
                0x0800070c       0xfa Drivers\STM32F1xx_HAL_Driver\stm32f1xx_hal_can.o
                0x0800070c                HAL_CAN_Init
 *fill*         0x08000806        0x2 
 .text.HAL_CAN_Transmit
                0x08000808      0x15c Drivers\STM32F1xx_HAL_Driver\stm32f1xx_hal_can.o
                0x08000808                HAL_CAN_Transmit
 .text.HAL_CAN_Receive_IT
                0x08000964       0x64 Drivers\STM32F1xx_HAL_Driver\stm32f1xx_hal_can.o
                0x08000964                HAL_CAN_Receive_IT
 .text.HAL_NVIC_SetPriorityGrouping
                0x080009c8       0x24 Drivers\STM32F1xx_HAL_Driver\stm32f1xx_hal_cortex.o
                0x080009c8                HAL_NVIC_SetPriorityGrouping
 .text.HAL_NVIC_SetPriority
                0x080009ec       0x68 Drivers\STM32F1xx_HAL_Driver\stm32f1xx_hal_cortex.o
                0x080009ec                HAL_NVIC_SetPriority
 .text.HAL_NVIC_EnableIRQ
                0x08000a54       0x18 Drivers\STM32F1xx_HAL_Driver\stm32f1xx_hal_cortex.o
                0x08000a54                HAL_NVIC_EnableIRQ
 .text.HAL_SYSTICK_Config
                0x08000a6c       0x2c Drivers\STM32F1xx_HAL_Driver\stm32f1xx_hal_cortex.o
                0x08000a6c                HAL_SYSTICK_Config
 .text.HAL_SYSTICK_CLKSourceConfig
                0x08000a98       0x18 Drivers\STM32F1xx_HAL_Driver\stm32f1xx_hal_cortex.o
                0x08000a98                HAL_SYSTICK_CLKSourceConfig
 .text.HAL_SYSTICK_Callback
                0x08000ab0        0x2 Drivers\STM32F1xx_HAL_Driver\stm32f1xx_hal_cortex.o
                0x08000ab0                HAL_SYSTICK_Callback
 .text.HAL_SYSTICK_IRQHandler
                0x08000ab2        0x8 Drivers\STM32F1xx_HAL_Driver\stm32f1xx_hal_cortex.o
                0x08000ab2                HAL_SYSTICK_IRQHandler
 *fill*         0x08000aba        0x2 
 .text.HAL_GPIO_Init
                0x08000abc      0x1b0 Drivers\STM32F1xx_HAL_Driver\stm32f1xx_hal_gpio.o
                0x08000abc                HAL_GPIO_Init
 .text.HAL_GPIO_WritePin
                0x08000c6c        0x8 Drivers\STM32F1xx_HAL_Driver\stm32f1xx_hal_gpio.o
                0x08000c6c                HAL_GPIO_WritePin
 .text.HAL_RCC_OscConfig
                0x08000c74      0x4c0 Drivers\STM32F1xx_HAL_Driver\stm32f1xx_hal_rcc.o
                0x08000c74                HAL_RCC_OscConfig
 .text.HAL_RCC_GetSysClockFreq
                0x08001134       0x90 Drivers\STM32F1xx_HAL_Driver\stm32f1xx_hal_rcc.o
                0x08001134                HAL_RCC_GetSysClockFreq
 .text.HAL_RCC_ClockConfig
                0x080011c4      0x164 Drivers\STM32F1xx_HAL_Driver\stm32f1xx_hal_rcc.o
                0x080011c4                HAL_RCC_ClockConfig
 .text.HAL_RCC_GetHCLKFreq
                0x08001328        0xc Drivers\STM32F1xx_HAL_Driver\stm32f1xx_hal_rcc.o
                0x08001328                HAL_RCC_GetHCLKFreq
 .text.HAL_RCC_GetPCLK1Freq
                0x08001334       0x30 Drivers\STM32F1xx_HAL_Driver\stm32f1xx_hal_rcc.o
                0x08001334                HAL_RCC_GetPCLK1Freq
 .text.HAL_RCC_GetPCLK2Freq
                0x08001364       0x30 Drivers\STM32F1xx_HAL_Driver\stm32f1xx_hal_rcc.o
                0x08001364                HAL_RCC_GetPCLK2Freq
 .text.UART_SetConfig
                0x08001394      0x134 Drivers\STM32F1xx_HAL_Driver\stm32f1xx_hal_uart.o
 .text.UART_WaitOnFlagUntilTimeout.constprop.1
                0x080014c8       0x60 Drivers\STM32F1xx_HAL_Driver\stm32f1xx_hal_uart.o
 .text.HAL_UART_Init
                0x08001528       0x58 Drivers\STM32F1xx_HAL_Driver\stm32f1xx_hal_uart.o
                0x08001528                HAL_UART_Init
 .text.HAL_UART_Transmit
                0x08001580       0xb8 Drivers\STM32F1xx_HAL_Driver\stm32f1xx_hal_uart.o
                0x08001580                HAL_UART_Transmit
 .text.HAL_UART_Receive_IT
                0x08001638       0x64 Drivers\STM32F1xx_HAL_Driver\stm32f1xx_hal_uart.o
                0x08001638                HAL_UART_Receive_IT
 .text.HAL_UART_TxCpltCallback
                0x0800169c        0x2 Drivers\STM32F1xx_HAL_Driver\stm32f1xx_hal_uart.o
                0x0800169c                HAL_UART_TxCpltCallback
 .text.HAL_UART_ErrorCallback
                0x0800169e        0x2 Drivers\STM32F1xx_HAL_Driver\stm32f1xx_hal_uart.o
                0x0800169e                HAL_UART_ErrorCallback
 .text.HAL_UART_IRQHandler
                0x080016a0      0x184 Drivers\STM32F1xx_HAL_Driver\stm32f1xx_hal_uart.o
                0x080016a0                HAL_UART_IRQHandler
 .text.__libc_init_array
                0x08001824       0x4c c:/program files (x86)/atollic/truestudio for arm 7.1.1/armtools/bin/../lib/gcc/arm-atollic-eabi/5.3.1/../../../../arm-atollic-eabi/lib/armv7-m\libc_nano.a(lib_a-init.o)
                0x08001824                __libc_init_array
 *(.glue_7)
 .glue_7        0x08001870        0x0 linker stubs
 *(.glue_7t)
 .glue_7t       0x08001870        0x0 linker stubs
 *(.eh_frame)
 .eh_frame      0x08001870        0x0 c:/program files (x86)/atollic/truestudio for arm 7.1.1/armtools/bin/../lib/gcc/arm-atollic-eabi/5.3.1/armv7-m/crtbegin.o
 *(.init)
 .init          0x08001870        0x4 c:/program files (x86)/atollic/truestudio for arm 7.1.1/armtools/bin/../lib/gcc/arm-atollic-eabi/5.3.1/armv7-m/crti.o
                0x08001870                _init
 .init          0x08001874        0x8 c:/program files (x86)/atollic/truestudio for arm 7.1.1/armtools/bin/../lib/gcc/arm-atollic-eabi/5.3.1/armv7-m/crtn.o
 *(.fini)
 .fini          0x0800187c        0x4 c:/program files (x86)/atollic/truestudio for arm 7.1.1/armtools/bin/../lib/gcc/arm-atollic-eabi/5.3.1/armv7-m/crti.o
                0x0800187c                _fini
 .fini          0x08001880        0x8 c:/program files (x86)/atollic/truestudio for arm 7.1.1/armtools/bin/../lib/gcc/arm-atollic-eabi/5.3.1/armv7-m/crtn.o
                0x08001888                . = ALIGN (0x4)
                0x08001888                _etext = .

.vfp11_veneer   0x08001888        0x0
 .vfp11_veneer  0x08001888        0x0 linker stubs

.v4_bx          0x08001888        0x0
 .v4_bx         0x08001888        0x0 linker stubs

.iplt           0x08001888        0x0
 .iplt          0x08001888        0x0 c:/program files (x86)/atollic/truestudio for arm 7.1.1/armtools/bin/../lib/gcc/arm-atollic-eabi/5.3.1/armv7-m/crtbegin.o

.rodata         0x08001888       0x2c
                0x08001888                . = ALIGN (0x4)
 *(.rodata)
 .rodata        0x08001888       0x12 Drivers\STM32F1xx_HAL_Driver\stm32f1xx_hal_rcc.o
 *(.rodata*)
 .rodata.AHBPrescTable
                0x0800189a       0x10 Drivers\CMSIS\system_stm32f1xx.o
                0x0800189a                AHBPrescTable
 .rodata.APBPrescTable
                0x080018aa        0x8 Drivers\CMSIS\system_stm32f1xx.o
                0x080018aa                APBPrescTable
                0x080018b4                . = ALIGN (0x4)
 *fill*         0x080018b2        0x2 

.rel.dyn        0x080018b4        0x0
 .rel.iplt      0x080018b4        0x0 c:/program files (x86)/atollic/truestudio for arm 7.1.1/armtools/bin/../lib/gcc/arm-atollic-eabi/5.3.1/armv7-m/crtbegin.o

.ARM.extab
 *(.ARM.extab* .gnu.linkonce.armextab.*)

.ARM            0x080018b4        0x0
                0x080018b4                __exidx_start = .
 *(.ARM.exidx*)
                0x080018b4                __exidx_end = .

.preinit_array  0x080018b4        0x0
                0x080018b4                PROVIDE (__preinit_array_start, .)
 *(.preinit_array*)
                0x080018b4                PROVIDE (__preinit_array_end, .)

.init_array     0x080018b4        0x4
                0x080018b4                PROVIDE (__init_array_start, .)
 *(SORT(.init_array.*))
 *(.init_array*)
 .init_array    0x080018b4        0x4 c:/program files (x86)/atollic/truestudio for arm 7.1.1/armtools/bin/../lib/gcc/arm-atollic-eabi/5.3.1/armv7-m/crtbegin.o
                0x080018b8                PROVIDE (__init_array_end, .)

.fini_array     0x080018b8        0x4
                [!provide]                PROVIDE (__fini_array_start, .)
 *(SORT(.fini_array.*))
 *(.fini_array*)
 .fini_array    0x080018b8        0x4 c:/program files (x86)/atollic/truestudio for arm 7.1.1/armtools/bin/../lib/gcc/arm-atollic-eabi/5.3.1/armv7-m/crtbegin.o
                [!provide]                PROVIDE (__fini_array_end, .)
                0x080018bc                _sidata = LOADADDR (.data)

.data           0x20000000        0x4 load address 0x080018bc
                0x20000000                . = ALIGN (0x4)
                0x20000000                _sdata = .
 *(.data)
 *(.data*)
 .data.SystemCoreClock
                0x20000000        0x4 Drivers\CMSIS\system_stm32f1xx.o
                0x20000000                SystemCoreClock
                0x20000004                . = ALIGN (0x4)
                0x20000004                _edata = .

.igot.plt       0x20000004        0x0 load address 0x080018c0
 .igot.plt      0x20000004        0x0 c:/program files (x86)/atollic/truestudio for arm 7.1.1/armtools/bin/../lib/gcc/arm-atollic-eabi/5.3.1/armv7-m/crtbegin.o
                0x20000004                . = ALIGN (0x4)

.bss            0x20000004      0x100 load address 0x080018c0
                0x20000004                _sbss = .
                0x20000004                __bss_start__ = _sbss
 *(.bss)
 .bss           0x20000004       0x1c c:/program files (x86)/atollic/truestudio for arm 7.1.1/armtools/bin/../lib/gcc/arm-atollic-eabi/5.3.1/armv7-m/crtbegin.o
 *(.bss*)
 .bss.TxMessage.6565
                0x20000020       0x1c Application\User\main.o
 .bss.RxMessage.6566
                0x2000003c       0x24 Application\User\main.o
 .bss.uwTick    0x20000060        0x4 Drivers\STM32F1xx_HAL_Driver\stm32f1xx_hal.o
 *(COMMON)
 COMMON         0x20000064       0xa0 Application\User\main.o
                0x20000064                hcan
                0x200000a4                uartRxMsg
                0x200000b3                uartTxMsg
                0x200000c4                huart2
                0x20000104                . = ALIGN (0x4)
                0x20000104                _ebss = .
                0x20000104                __bss_end__ = _ebss

._user_heap_stack
                0x20000104      0x600 load address 0x080018c0
                0x20000104                . = ALIGN (0x4)
                [!provide]                PROVIDE (end, .)
                [!provide]                PROVIDE (_end, .)
                0x20000304                . = (. + _Min_Heap_Size)
 *fill*         0x20000104      0x200 
                0x20000704                . = (. + _Min_Stack_Size)
 *fill*         0x20000304      0x400 
                0x20000704                . = ALIGN (0x4)

/DISCARD/
 libc.a(*)
 libm.a(*)
 libgcc.a(*)

.ARM.attributes
                0x00000000       0x29
 *(.ARM.attributes)
 .ARM.attributes
                0x00000000       0x1d c:/program files (x86)/atollic/truestudio for arm 7.1.1/armtools/bin/../lib/gcc/arm-atollic-eabi/5.3.1/armv7-m/crti.o
 .ARM.attributes
                0x0000001d       0x2d c:/program files (x86)/atollic/truestudio for arm 7.1.1/armtools/bin/../lib/gcc/arm-atollic-eabi/5.3.1/armv7-m/crtbegin.o
 .ARM.attributes
                0x0000004a       0x21 Application\TrueSTUDIO\startup_stm32f103xb.o
 .ARM.attributes
                0x0000006b       0x33 Application\User\main.o
 .ARM.attributes
                0x0000009e       0x33 Application\User\stm32f1xx_hal_msp.o
 .ARM.attributes
                0x000000d1       0x33 Application\User\stm32f1xx_it.o
 .ARM.attributes
                0x00000104       0x33 Drivers\CMSIS\system_stm32f1xx.o
 .ARM.attributes
                0x00000137       0x33 Drivers\STM32F1xx_HAL_Driver\stm32f1xx_hal.o
 .ARM.attributes
                0x0000016a       0x33 Drivers\STM32F1xx_HAL_Driver\stm32f1xx_hal_can.o
 .ARM.attributes
                0x0000019d       0x33 Drivers\STM32F1xx_HAL_Driver\stm32f1xx_hal_cortex.o
 .ARM.attributes
                0x000001d0       0x33 Drivers\STM32F1xx_HAL_Driver\stm32f1xx_hal_gpio.o
 .ARM.attributes
                0x00000203       0x33 Drivers\STM32F1xx_HAL_Driver\stm32f1xx_hal_rcc.o
 .ARM.attributes
                0x00000236       0x33 Drivers\STM32F1xx_HAL_Driver\stm32f1xx_hal_uart.o
 .ARM.attributes
                0x00000269       0x2d c:/program files (x86)/atollic/truestudio for arm 7.1.1/armtools/bin/../lib/gcc/arm-atollic-eabi/5.3.1/../../../../arm-atollic-eabi/lib/armv7-m\libc_nano.a(lib_a-init.o)
 .ARM.attributes
                0x00000296       0x1d c:/program files (x86)/atollic/truestudio for arm 7.1.1/armtools/bin/../lib/gcc/arm-atollic-eabi/5.3.1/armv7-m/crtn.o
OUTPUT(CAN_node.elf elf32-littlearm)

.debug_line     0x00000000     0x2e5b
 .debug_line    0x00000000       0x78 Application\TrueSTUDIO\startup_stm32f103xb.o
 .debug_line    0x00000078      0x3ee Application\User\main.o
 .debug_line    0x00000466      0x2fe Application\User\stm32f1xx_hal_msp.o
 .debug_line    0x00000764      0x2a0 Application\User\stm32f1xx_it.o
 .debug_line    0x00000a04      0x1e2 Drivers\CMSIS\system_stm32f1xx.o
 .debug_line    0x00000be6      0x38d Drivers\STM32F1xx_HAL_Driver\stm32f1xx_hal.o
 .debug_line    0x00000f73      0x659 Drivers\STM32F1xx_HAL_Driver\stm32f1xx_hal_can.o
 .debug_line    0x000015cc      0x38c Drivers\STM32F1xx_HAL_Driver\stm32f1xx_hal_cortex.o
 .debug_line    0x00001958      0x3ab Drivers\STM32F1xx_HAL_Driver\stm32f1xx_hal_gpio.o
 .debug_line    0x00001d03      0x7b4 Drivers\STM32F1xx_HAL_Driver\stm32f1xx_hal_rcc.o
 .debug_line    0x000024b7      0x9a4 Drivers\STM32F1xx_HAL_Driver\stm32f1xx_hal_uart.o

.debug_info     0x00000000     0x7275
 .debug_info    0x00000000       0x89 Application\TrueSTUDIO\startup_stm32f103xb.o
 .debug_info    0x00000089     0x1364 Application\User\main.o
 .debug_info    0x000013ed      0xf45 Application\User\stm32f1xx_hal_msp.o
 .debug_info    0x00002332      0x55b Application\User\stm32f1xx_it.o
 .debug_info    0x0000288d      0x3e7 Drivers\CMSIS\system_stm32f1xx.o
 .debug_info    0x00002c74      0x686 Drivers\STM32F1xx_HAL_Driver\stm32f1xx_hal.o
 .debug_info    0x000032fa      0xb10 Drivers\STM32F1xx_HAL_Driver\stm32f1xx_hal_can.o
 .debug_info    0x00003e0a      0xc21 Drivers\STM32F1xx_HAL_Driver\stm32f1xx_hal_cortex.o
 .debug_info    0x00004a2b      0x60b Drivers\STM32F1xx_HAL_Driver\stm32f1xx_hal_gpio.o
 .debug_info    0x00005036     0x1240 Drivers\STM32F1xx_HAL_Driver\stm32f1xx_hal_rcc.o
 .debug_info    0x00006276      0xfff Drivers\STM32F1xx_HAL_Driver\stm32f1xx_hal_uart.o

.debug_abbrev   0x00000000     0x15f7
 .debug_abbrev  0x00000000       0x12 Application\TrueSTUDIO\startup_stm32f103xb.o
 .debug_abbrev  0x00000012      0x29e Application\User\main.o
 .debug_abbrev  0x000002b0      0x1c3 Application\User\stm32f1xx_hal_msp.o
 .debug_abbrev  0x00000473      0x17b Application\User\stm32f1xx_it.o
 .debug_abbrev  0x000005ee      0x122 Drivers\CMSIS\system_stm32f1xx.o
 .debug_abbrev  0x00000710      0x22e Drivers\STM32F1xx_HAL_Driver\stm32f1xx_hal.o
 .debug_abbrev  0x0000093e      0x27f Drivers\STM32F1xx_HAL_Driver\stm32f1xx_hal_can.o
 .debug_abbrev  0x00000bbd      0x2ee Drivers\STM32F1xx_HAL_Driver\stm32f1xx_hal_cortex.o
 .debug_abbrev  0x00000eab      0x1c8 Drivers\STM32F1xx_HAL_Driver\stm32f1xx_hal_gpio.o
 .debug_abbrev  0x00001073      0x2bf Drivers\STM32F1xx_HAL_Driver\stm32f1xx_hal_rcc.o
 .debug_abbrev  0x00001332      0x2c5 Drivers\STM32F1xx_HAL_Driver\stm32f1xx_hal_uart.o

.debug_aranges  0x00000000      0x4d8
 .debug_aranges
                0x00000000       0x28 Application\TrueSTUDIO\startup_stm32f103xb.o
 .debug_aranges
                0x00000028       0x50 Application\User\main.o
 .debug_aranges
                0x00000078       0x40 Application\User\stm32f1xx_hal_msp.o
 .debug_aranges
                0x000000b8       0x50 Application\User\stm32f1xx_it.o
 .debug_aranges
                0x00000108       0x28 Drivers\CMSIS\system_stm32f1xx.o
 .debug_aranges
                0x00000130       0xa8 Drivers\STM32F1xx_HAL_Driver\stm32f1xx_hal.o
 .debug_aranges
                0x000001d8       0x88 Drivers\STM32F1xx_HAL_Driver\stm32f1xx_hal_can.o
 .debug_aranges
                0x00000260       0x90 Drivers\STM32F1xx_HAL_Driver\stm32f1xx_hal_cortex.o
 .debug_aranges
                0x000002f0       0x58 Drivers\STM32F1xx_HAL_Driver\stm32f1xx_hal_gpio.o
 .debug_aranges
                0x00000348       0x88 Drivers\STM32F1xx_HAL_Driver\stm32f1xx_hal_rcc.o
 .debug_aranges
                0x000003d0      0x108 Drivers\STM32F1xx_HAL_Driver\stm32f1xx_hal_uart.o

.debug_ranges   0x00000000      0x6d0
 .debug_ranges  0x00000000       0x20 Application\TrueSTUDIO\startup_stm32f103xb.o
 .debug_ranges  0x00000020       0xc8 Application\User\main.o
 .debug_ranges  0x000000e8       0x90 Application\User\stm32f1xx_hal_msp.o
 .debug_ranges  0x00000178       0x40 Application\User\stm32f1xx_it.o
 .debug_ranges  0x000001b8       0x18 Drivers\CMSIS\system_stm32f1xx.o
 .debug_ranges  0x000001d0       0x98 Drivers\STM32F1xx_HAL_Driver\stm32f1xx_hal.o
 .debug_ranges  0x00000268       0x78 Drivers\STM32F1xx_HAL_Driver\stm32f1xx_hal_can.o
 .debug_ranges  0x000002e0      0x130 Drivers\STM32F1xx_HAL_Driver\stm32f1xx_hal_cortex.o
 .debug_ranges  0x00000410       0x68 Drivers\STM32F1xx_HAL_Driver\stm32f1xx_hal_gpio.o
 .debug_ranges  0x00000478      0x148 Drivers\STM32F1xx_HAL_Driver\stm32f1xx_hal_rcc.o
 .debug_ranges  0x000005c0      0x110 Drivers\STM32F1xx_HAL_Driver\stm32f1xx_hal_uart.o

.debug_loc      0x00000000     0x2586
 .debug_loc     0x00000000      0x14a Application\User\main.o
 .debug_loc     0x0000014a       0x9a Application\User\stm32f1xx_hal_msp.o
 .debug_loc     0x000001e4       0xaa Drivers\CMSIS\system_stm32f1xx.o
 .debug_loc     0x0000028e       0x73 Drivers\STM32F1xx_HAL_Driver\stm32f1xx_hal.o
 .debug_loc     0x00000301      0x4e3 Drivers\STM32F1xx_HAL_Driver\stm32f1xx_hal_can.o
 .debug_loc     0x000007e4      0x48f Drivers\STM32F1xx_HAL_Driver\stm32f1xx_hal_cortex.o
 .debug_loc     0x00000c73      0x2e8 Drivers\STM32F1xx_HAL_Driver\stm32f1xx_hal_gpio.o
 .debug_loc     0x00000f5b      0x8a9 Drivers\STM32F1xx_HAL_Driver\stm32f1xx_hal_rcc.o
 .debug_loc     0x00001804      0xd82 Drivers\STM32F1xx_HAL_Driver\stm32f1xx_hal_uart.o

.debug_str      0x00000000     0x1bf1
 .debug_str     0x00000000      0xe86 Application\User\main.o
                                0xf16 (size before relaxing)
 .debug_str     0x00000e86       0xeb Application\User\stm32f1xx_hal_msp.o
                                0xbf6 (size before relaxing)
 .debug_str     0x00000f71       0xcc Application\User\stm32f1xx_it.o
                                0x609 (size before relaxing)
 .debug_str     0x0000103d       0xd3 Drivers\CMSIS\system_stm32f1xx.o
                                0x2f3 (size before relaxing)
 .debug_str     0x00001110      0x20f Drivers\STM32F1xx_HAL_Driver\stm32f1xx_hal.o
                                0x787 (size before relaxing)
 .debug_str     0x0000131f      0x101 Drivers\STM32F1xx_HAL_Driver\stm32f1xx_hal_can.o
                                0x6fa (size before relaxing)
 .debug_str     0x00001420      0x207 Drivers\STM32F1xx_HAL_Driver\stm32f1xx_hal_cortex.o
                                0x8f1 (size before relaxing)
 .debug_str     0x00001627      0x127 Drivers\STM32F1xx_HAL_Driver\stm32f1xx_hal_gpio.o
                                0x44c (size before relaxing)
 .debug_str     0x0000174e      0x1a9 Drivers\STM32F1xx_HAL_Driver\stm32f1xx_hal_rcc.o
                                0x650 (size before relaxing)
 .debug_str     0x000018f7      0x2fa Drivers\STM32F1xx_HAL_Driver\stm32f1xx_hal_uart.o
                                0x938 (size before relaxing)

.comment        0x00000000       0x7e
 .comment       0x00000000       0x7e Application\User\main.o
                                 0x7f (size before relaxing)
 .comment       0x0000007e       0x7f Application\User\stm32f1xx_hal_msp.o
 .comment       0x0000007e       0x7f Application\User\stm32f1xx_it.o
 .comment       0x0000007e       0x7f Drivers\CMSIS\system_stm32f1xx.o
 .comment       0x0000007e       0x7f Drivers\STM32F1xx_HAL_Driver\stm32f1xx_hal.o
 .comment       0x0000007e       0x7f Drivers\STM32F1xx_HAL_Driver\stm32f1xx_hal_can.o
 .comment       0x0000007e       0x7f Drivers\STM32F1xx_HAL_Driver\stm32f1xx_hal_cortex.o
 .comment       0x0000007e       0x7f Drivers\STM32F1xx_HAL_Driver\stm32f1xx_hal_gpio.o
 .comment       0x0000007e       0x7f Drivers\STM32F1xx_HAL_Driver\stm32f1xx_hal_rcc.o
 .comment       0x0000007e       0x7f Drivers\STM32F1xx_HAL_Driver\stm32f1xx_hal_uart.o

.debug_frame    0x00000000      0xbec
 .debug_frame   0x00000000       0xd0 Application\User\main.o
 .debug_frame   0x000000d0       0x90 Application\User\stm32f1xx_hal_msp.o
 .debug_frame   0x00000160       0xbc Application\User\stm32f1xx_it.o
 .debug_frame   0x0000021c       0x30 Drivers\CMSIS\system_stm32f1xx.o
 .debug_frame   0x0000024c      0x164 Drivers\STM32F1xx_HAL_Driver\stm32f1xx_hal.o
 .debug_frame   0x000003b0      0x1b8 Drivers\STM32F1xx_HAL_Driver\stm32f1xx_hal_can.o
 .debug_frame   0x00000568      0x120 Drivers\STM32F1xx_HAL_Driver\stm32f1xx_hal_cortex.o
 .debug_frame   0x00000688       0xd4 Drivers\STM32F1xx_HAL_Driver\stm32f1xx_hal_gpio.o
 .debug_frame   0x0000075c      0x14c Drivers\STM32F1xx_HAL_Driver\stm32f1xx_hal_rcc.o
 .debug_frame   0x000008a8      0x318 Drivers\STM32F1xx_HAL_Driver\stm32f1xx_hal_uart.o
 .debug_frame   0x00000bc0       0x2c c:/program files (x86)/atollic/truestudio for arm 7.1.1/armtools/bin/../lib/gcc/arm-atollic-eabi/5.3.1/../../../../arm-atollic-eabi/lib/armv7-m\libc_nano.a(lib_a-init.o)
